..........
[B0 catalogue] rejected(CertError)=105 accepted=0 wrong-exception=0
  REJECT bitmap_all_ones                                         FrameError
  REJECT bitmap_popcount_42                                      FrameError
  REJECT bitmap_popcount_44                                      FrameError
  REJECT bitmap_seat0_swapped_for_63_sigs_stale                  FrameError
  REJECT bitmap_zero                                             FrameError
  REJECT cfg_field_other_registry                                FrameError
  REJECT cfg_field_zeroed                                        FrameError
  REJECT corrupted_signature_padding_byte_slot0                  FrameError
  REJECT corrupted_signature_slot_00                             FrameError
  REJECT corrupted_signature_slot_01                             FrameError
  REJECT corrupted_signature_slot_02                             FrameError
  REJECT corrupted_signature_slot_03                             FrameError
  REJECT corrupted_signature_slot_04                             FrameError
  REJECT corrupted_signature_slot_05                             FrameError
  REJECT corrupted_signature_slot_06                             FrameError
  REJECT corrupted_signature_slot_07                             FrameError
  REJECT corrupted_signature_slot_08                             FrameError
  REJECT corrupted_signature_slot_09                             FrameError
  REJECT corrupted_signature_slot_10                             FrameError
  REJECT corrupted_signature_slot_11                             FrameError
  REJECT corrupted_signature_slot_12                             FrameError
  REJECT corrupted_signature_slot_13                             FrameError
  REJECT corrupted_signature_slot_14                             FrameError
  REJECT corrupted_signature_slot_15                             FrameError
  REJECT corrupted_signature_slot_16                             FrameError
  REJECT corrupted_signature_slot_17                             FrameError
  REJECT corrupted_signature_slot_18                             FrameError
  REJECT corrupted_signature_slot_19                             FrameError
  REJECT corrupted_signature_slot_20                             FrameError
  REJECT corrupted_signature_slot_21                             FrameError
  REJECT corrupted_signature_slot_22                             FrameError
  REJECT corrupted_signature_slot_23                             FrameError
  REJECT corrupted_signature_slot_24                             FrameError
  REJECT corrupted_signature_slot_25                             FrameError
  REJECT corrupted_signature_slot_26                             FrameError
  REJECT corrupted_signature_slot_27                             FrameError
  REJECT corrupted_signature_slot_28                             FrameError
  REJECT corrupted_signature_slot_29                             FrameError
  REJECT corrupted_signature_slot_30                             FrameError
  REJECT corrupted_signature_slot_31                             FrameError
  REJECT corrupted_signature_slot_32                             FrameError
  REJECT corrupted_signature_slot_33                             FrameError
  REJECT corrupted_signature_slot_34                             FrameError
  REJECT corrupted_signature_slot_35                             FrameError
  REJECT corrupted_signature_slot_36                             FrameError
  REJECT corrupted_signature_slot_37                             FrameError
  REJECT corrupted_signature_slot_38                             FrameError
  REJECT corrupted_signature_slot_39                             FrameError
  REJECT corrupted_signature_slot_40                             FrameError
  REJECT corrupted_signature_slot_41                             FrameError
  REJECT corrupted_signature_slot_42                             FrameError
  REJECT count_field_0                                           FrameError
  REJECT count_field_42                                          FrameError
  REJECT count_field_44                                          FrameError
  REJECT domain_field_changed_sigs_stale                         FrameError
  REJECT duplicate_signer_seat0_sig_in_slot_of_seat1             FrameError
  REJECT duplicated_entry_appended_len_patched                   FrameError
  REJECT duplicated_entry_slot1_eq_slot0                         FrameError
  REJECT empty                                                   FrameError
  REJECT encode_42_seats                                         FrameError
  REJECT encode_44_seats                                         FrameError
  REJECT encode_domain_65_bytes                                  FrameError
  REJECT encode_duplicate_seat                                   FrameError
  REJECT encode_message_63_bytes                                 FrameError
  REJECT encode_seat_64                                          CertError
  REJECT expected_cfg_63_bytes                                   FrameError
  REJECT expected_cfg_bytearray                                  FrameError
  REJECT expected_cfg_other_registry                             FrameError
  REJECT invalid_encoding_bytearray                              FrameError
  REJECT invalid_encoding_int                                    FrameError
  REJECT invalid_encoding_list                                   FrameError
  REJECT invalid_encoding_memoryview                             FrameError
  REJECT invalid_encoding_none                                   FrameError
  REJECT invalid_encoding_str                                    FrameError
  REJECT invalid_length_payload_len_minus_1                      FrameError
  REJECT invalid_length_payload_len_plus_1                       FrameError
  REJECT invalid_length_payload_len_zero                         FrameError
  REJECT message_field_changed_sigs_stale                        FrameError
  REJECT oversized_padded_to_32769                               FrameError
  REJECT oversized_width_758_frame_32810                         FrameError
  REJECT registry_keys_as_list                                   FrameError
  REJECT registry_with_63_keys                                   FrameError
  REJECT registry_with_duplicate_key                             FrameError
  REJECT registry_with_empty_key                                 FrameError
  REJECT reordered_entries_reversed                              FrameError
  REJECT reordered_entries_swap_0_1                              FrameError
  REJECT reordered_entries_swap_last_two                         FrameError
  REJECT signer_not_in_set_fake_bytes                            FrameError
  REJECT signer_not_in_set_seat63_slot_signed_by_other_registry_key FrameError
  REJECT signer_not_in_set_seat63_slot_signed_by_seat42_key      FrameError
  REJECT suite_zero                                              FrameError
  REJECT trailing_byte                                           FrameError
  REJECT trailing_byte_len_patched                               FrameError
  REJECT truncated_bitmap_only                                   FrameError
  REJECT truncated_header_only                                   FrameError
  REJECT truncated_len_patched                                   FrameError
  REJECT truncated_mid_header                                    FrameError
  REJECT truncated_minus_1                                       FrameError
  REJECT width_field_minus_1                                     FrameError
  REJECT width_field_plus_1                                      FrameError
  REJECT width_field_zero                                        FrameError
  REJECT wrong_magic                                             FrameError
  REJECT wrong_suite_B1                                          FrameError
  REJECT wrong_version_43                                        FrameError
  REJECT wrong_version_45                                        FrameError
..
12 passed in 6.56s
